
##### PRODUTO=telem | device=cuda | janelas: train=27292 val=5998 test=6323
=== produto=telem backbone=lstm (~55k params) ===
  A: SO CHUVA AGREGADA (1 canal): @1h=-0.016±0.076  (@1h=-0.016 @24h=nan)
    PERSEED chuva @1h: 0=-0.0494,1=0.0300,2=0.0481,3=0.0439,4=-0.1513
  C: SO FEATURE TEMPORAL, SEM CHUVA (2 canais): @1h=0.054±0.191  (@1h=0.054 @24h=nan)
    PERSEED tempo @1h: 0=0.2088,1=0.0862,2=0.1557,3=-0.3191,4=0.1382
  B: CHUVA+HORA/MES (3 canais): @1h=0.677±0.022  (@1h=0.677 @24h=nan)
    PERSEED ambos @1h: 0=0.6796,1=0.7138,2=0.6614,3=0.6827,4=0.6473
=== produto=telem backbone=gru (~53k params) ===
  A: SO CHUVA AGREGADA (1 canal): @1h=-0.131±0.063  (@1h=-0.131 @24h=nan)
    PERSEED chuva @1h: 0=-0.0820,1=-0.0609,2=-0.1255,3=-0.2432,4=-0.1451
  C: SO FEATURE TEMPORAL, SEM CHUVA (2 canais): @1h=0.056±0.143  (@1h=0.056 @24h=nan)
    PERSEED tempo @1h: 0=-0.0816,1=0.0627,2=-0.1220,3=0.2605,4=0.1582
  B: CHUVA+HORA/MES (3 canais): @1h=0.674±0.062  (@1h=0.674 @24h=nan)
    PERSEED ambos @1h: 0=0.7529,1=0.7125,2=0.6813,3=0.5681,4=0.6537
=== produto=telem backbone=transformer (~71k params) ===
  A: SO CHUVA AGREGADA (1 canal): @1h=-0.297±0.162  (@1h=-0.297 @24h=nan)
    PERSEED chuva @1h: 0=-0.3678,1=-0.5308,2=-0.0765,3=-0.1574,4=-0.3507
  C: SO FEATURE TEMPORAL, SEM CHUVA (2 canais): @1h=0.185±0.115  (@1h=0.185 @24h=nan)
    PERSEED tempo @1h: 0=0.1250,1=0.0350,2=0.1509,3=0.2374,4=0.3744
  B: CHUVA+HORA/MES (3 canais): @1h=0.663±0.050  (@1h=0.663 @24h=nan)
    PERSEED ambos @1h: 0=0.7394,1=0.6243,2=0.6707,3=0.5967,4=0.6848
=== produto=telem backbone=dlinear (~1k params) ===
  A: SO CHUVA AGREGADA (1 canal): @1h=0.047±0.031  (@1h=0.047 @24h=nan)
    PERSEED chuva @1h: 0=0.0796,1=0.0753,2=-0.0068,3=0.0352,4=0.0529
  C: SO FEATURE TEMPORAL, SEM CHUVA (2 canais): @1h=0.037±0.330  (@1h=0.037 @24h=nan)
    PERSEED tempo @1h: 0=0.1704,1=0.2757,2=0.2536,3=0.0932,4=-0.6102
  B: CHUVA+HORA/MES (3 canais): @1h=0.490±0.049  (@1h=0.490 @24h=nan)
    PERSEED ambos @1h: 0=0.4551,1=0.5321,2=0.4111,3=0.5216,4=0.5312
=== produto=telem backbone=mlp (~109k params) ===
  A: SO CHUVA AGREGADA (1 canal): @1h=-0.106±0.078  (@1h=-0.106 @24h=nan)
    PERSEED chuva @1h: 0=0.0076,1=-0.1926,2=-0.0363,3=-0.1624,4=-0.1473
  C: SO FEATURE TEMPORAL, SEM CHUVA (2 canais): @1h=0.245±0.087  (@1h=0.245 @24h=nan)
    PERSEED tempo @1h: 0=0.2024,1=0.3261,2=0.3277,3=0.2731,4=0.0961
  B: CHUVA+HORA/MES (3 canais): @1h=0.577±0.087  (@1h=0.577 @24h=nan)
    PERSEED ambos @1h: 0=0.4630,1=0.6465,2=0.6651,3=0.4795,4=0.6326

========================================================================
RESUMO NSE@1h (média±σ, 5 seeds) — A/B/C por produto x arquitetura
========================================================================
produto    backbone         A:só chuva     C:só tempo   B:chuva+tempo
telem      lstm           -0.016±0.076    0.054±0.191     0.677±0.022
telem      gru            -0.131±0.063    0.056±0.143     0.674±0.062
telem      transformer    -0.297±0.162    0.185±0.115     0.663±0.050
telem      dlinear         0.047±0.031    0.037±0.330     0.490±0.049
telem      mlp            -0.106±0.078    0.245±0.087     0.577±0.087
