======================================================================
  ABLACAO - TTD-SCS-LSTM v2
  10 Experimentos de Ablacao
======================================================================

Device: cuda
Seed: 48
Dataset: D:\TTD_SCS_LSTM\ablacao_skill\data\dataset_58585000_telem.h5
Lookback: 240h (10.0 dias)
Horizon: 1h
Epochs: 150
Batch size: 512

Modelos a executar:
  - phys_duh_base_topmodel: 

Carregando dados...
  Train: 27,292 samples
  Val: 5,998 samples
  Test: 6,323 samples
  Ottobacias: 245
  CN 2022 medio: 64.4
  Tc Base medio: 10.48h
  Tc Manning medio: 25.87h

[1/1] phys_duh_base_topmodel

============================================================
  Modelo: Phys_DUH_Base_Topmodel
  Parametros: 7
============================================================

Training Phys_DUH_Base_Topmodel:   0%|          | 0/150 [00:00<?, ?it/s]
Training Phys_DUH_Base_Topmodel:   0%|          | 0/150 [00:51<?, ?it/s, loss=104.8868, val_nse=-11.831, tc=1.19]
Training Phys_DUH_Base_Topmodel:   1%|          | 1/150 [00:51<2:06:49, 51.07s/it, loss=104.8868, val_nse=-11.831, tc=1.19]
Training Phys_DUH_Base_Topmodel:   1%|          | 1/150 [01:42<2:06:49, 51.07s/it, loss=78.6253, val_nse=-7.738, tc=1.51]  
Training Phys_DUH_Base_Topmodel:   1%|1         | 2/150 [01:42<2:06:53, 51.44s/it, loss=78.6253, val_nse=-7.738, tc=1.51]
Training Phys_DUH_Base_Topmodel:   1%|1         | 2/150 [02:36<2:06:53, 51.44s/it, loss=56.4165, val_nse=-4.595, tc=2.01]
Training Phys_DUH_Base_Topmodel:   2%|2         | 3/150 [02:36<2:08:22, 52.40s/it, loss=56.4165, val_nse=-4.595, tc=2.01]
Training Phys_DUH_Base_Topmodel:   2%|2         | 3/150 [03:29<2:08:22, 52.40s/it, loss=41.7944, val_nse=-3.154, tc=2.61]
Training Phys_DUH_Base_Topmodel:   3%|2         | 4/150 [03:29<2:08:24, 52.77s/it, loss=41.7944, val_nse=-3.154, tc=2.61]
Training Phys_DUH_Base_Topmodel:   3%|2         | 4/150 [04:22<2:08:24, 52.77s/it, loss=34.7890, val_nse=-2.444, tc=3.09]
Training Phys_DUH_Base_Topmodel:   3%|3         | 5/150 [04:22<2:07:52, 52.91s/it, loss=34.7890, val_nse=-2.444, tc=3.09]
Training Phys_DUH_Base_Topmodel:   3%|3         | 5/150 [05:16<2:07:52, 52.91s/it, loss=31.3759, val_nse=-2.020, tc=3.39]
Training Phys_DUH_Base_Topmodel:   4%|4         | 6/150 [05:16<2:07:22, 53.07s/it, loss=31.3759, val_nse=-2.020, tc=3.39]
Training Phys_DUH_Base_Topmodel:   4%|4         | 6/150 [06:09<2:07:22, 53.07s/it, loss=29.0079, val_nse=-1.795, tc=3.57]
Training Phys_DUH_Base_Topmodel:   5%|4         | 7/150 [06:09<2:06:57, 53.27s/it, loss=29.0079, val_nse=-1.795, tc=3.57]
Training Phys_DUH_Base_Topmodel:   5%|4         | 7/150 [07:03<2:06:57, 53.27s/it, loss=27.7016, val_nse=-1.675, tc=3.67]
Training Phys_DUH_Base_Topmodel:   5%|5         | 8/150 [07:03<2:06:10, 53.31s/it, loss=27.7016, val_nse=-1.675, tc=3.67]
Training Phys_DUH_Base_Topmodel:   5%|5         | 8/150 [07:56<2:06:10, 53.31s/it, loss=26.6570, val_nse=-1.596, tc=3.77]
Training Phys_DUH_Base_Topmodel:   6%|6         | 9/150 [07:56<2:05:09, 53.26s/it, loss=26.6570, val_nse=-1.596, tc=3.77]
Training Phys_DUH_Base_Topmodel:   6%|6         | 9/150 [08:49<2:05:09, 53.26s/it, loss=25.9543, val_nse=-1.566, tc=3.83]
Training Phys_DUH_Base_Topmodel:   7%|6         | 10/150 [08:49<2:04:26, 53.33s/it, loss=25.9543, val_nse=-1.566, tc=3.83]
Training Phys_DUH_Base_Topmodel:   7%|6         | 10/150 [09:47<2:04:26, 53.33s/it, loss=25.4934, val_nse=-1.538, tc=3.85]
Training Phys_DUH_Base_Topmodel:   7%|7         | 11/150 [09:47<2:06:28, 54.59s/it, loss=25.4934, val_nse=-1.538, tc=3.85]
Training Phys_DUH_Base_Topmodel:   7%|7         | 11/150 [10:39<2:06:28, 54.59s/it, loss=24.9603, val_nse=-1.517, tc=3.88]
Training Phys_DUH_Base_Topmodel:   8%|8         | 12/150 [10:39<2:03:49, 53.84s/it, loss=24.9603, val_nse=-1.517, tc=3.88]
Training Phys_DUH_Base_Topmodel:   8%|8         | 12/150 [11:32<2:03:49, 53.84s/it, loss=24.5252, val_nse=-1.506, tc=3.84]
Training Phys_DUH_Base_Topmodel:   9%|8         | 13/150 [11:32<2:02:31, 53.66s/it, loss=24.5252, val_nse=-1.506, tc=3.84]
Training Phys_DUH_Base_Topmodel:   9%|8         | 13/150 [12:26<2:02:31, 53.66s/it, loss=24.1277, val_nse=-1.499, tc=3.86]
Training Phys_DUH_Base_Topmodel:   9%|9         | 14/150 [12:26<2:01:47, 53.73s/it, loss=24.1277, val_nse=-1.499, tc=3.86]
Training Phys_DUH_Base_Topmodel:   9%|9         | 14/150 [13:19<2:01:47, 53.73s/it, loss=23.7955, val_nse=-1.487, tc=3.83]
Training Phys_DUH_Base_Topmodel:  10%|#         | 15/150 [13:19<2:00:21, 53.50s/it, loss=23.7955, val_nse=-1.487, tc=3.83]
Training Phys_DUH_Base_Topmodel:  10%|#         | 15/150 [14:12<2:00:21, 53.50s/it, loss=23.5181, val_nse=-1.480, tc=3.77]
Training Phys_DUH_Base_Topmodel:  11%|#         | 16/150 [14:12<1:58:58, 53.27s/it, loss=23.5181, val_nse=-1.480, tc=3.77]
Training Phys_DUH_Base_Topmodel:  11%|#         | 16/150 [15:06<1:58:58, 53.27s/it, loss=23.2071, val_nse=-1.470, tc=3.77]
Training Phys_DUH_Base_Topmodel:  11%|#1        | 17/150 [15:06<1:58:31, 53.47s/it, loss=23.2071, val_nse=-1.470, tc=3.77]
Training Phys_DUH_Base_Topmodel:  11%|#1        | 17/150 [15:58<1:58:31, 53.47s/it, loss=22.9142, val_nse=-1.464, tc=3.73]
Training Phys_DUH_Base_Topmodel:  12%|#2        | 18/150 [15:58<1:56:37, 53.01s/it, loss=22.9142, val_nse=-1.464, tc=3.73]
Training Phys_DUH_Base_Topmodel:  12%|#2        | 18/150 [16:50<1:56:37, 53.01s/it, loss=22.7037, val_nse=-1.454, tc=3.77]
Training Phys_DUH_Base_Topmodel:  13%|#2        | 19/150 [16:50<1:55:19, 52.82s/it, loss=22.7037, val_nse=-1.454, tc=3.77]
Training Phys_DUH_Base_Topmodel:  13%|#2        | 19/150 [17:42<1:55:19, 52.82s/it, loss=22.4643, val_nse=-1.447, tc=3.80]
Training Phys_DUH_Base_Topmodel:  13%|#3        | 20/150 [17:42<1:54:02, 52.64s/it, loss=22.4643, val_nse=-1.447, tc=3.80]
Training Phys_DUH_Base_Topmodel:  13%|#3        | 20/150 [18:34<1:54:02, 52.64s/it, loss=22.1818, val_nse=-1.441, tc=3.72]
Training Phys_DUH_Base_Topmodel:  14%|#4        | 21/150 [18:34<1:52:46, 52.45s/it, loss=22.1818, val_nse=-1.441, tc=3.72]
Training Phys_DUH_Base_Topmodel:  14%|#4        | 21/150 [19:26<1:52:46, 52.45s/it, loss=22.0226, val_nse=-1.431, tc=3.68]
Training Phys_DUH_Base_Topmodel:  15%|#4        | 22/150 [19:26<1:51:31, 52.28s/it, loss=22.0226, val_nse=-1.431, tc=3.68]
Training Phys_DUH_Base_Topmodel:  15%|#4        | 22/150 [20:19<1:51:31, 52.28s/it, loss=21.7073, val_nse=-1.432, tc=3.60]
Training Phys_DUH_Base_Topmodel:  15%|#5        | 23/150 [20:19<1:50:45, 52.32s/it, loss=21.7073, val_nse=-1.432, tc=3.60]
Training Phys_DUH_Base_Topmodel:  15%|#5        | 23/150 [21:10<1:50:45, 52.32s/it, loss=21.5191, val_nse=-1.418, tc=3.61]
Training Phys_DUH_Base_Topmodel:  16%|#6        | 24/150 [21:10<1:49:22, 52.08s/it, loss=21.5191, val_nse=-1.418, tc=3.61]
Training Phys_DUH_Base_Topmodel:  16%|#6        | 24/150 [22:02<1:49:22, 52.08s/it, loss=21.3894, val_nse=-1.412, tc=3.58]
Training Phys_DUH_Base_Topmodel:  17%|#6        | 25/150 [22:02<1:48:37, 52.14s/it, loss=21.3894, val_nse=-1.412, tc=3.58]
Training Phys_DUH_Base_Topmodel:  17%|#6        | 25/150 [22:55<1:48:37, 52.14s/it, loss=21.1957, val_nse=-1.400, tc=3.59]
Training Phys_DUH_Base_Topmodel:  17%|#7        | 26/150 [22:55<1:47:45, 52.14s/it, loss=21.1957, val_nse=-1.400, tc=3.59]
Training Phys_DUH_Base_Topmodel:  17%|#7        | 26/150 [23:47<1:47:45, 52.14s/it, loss=20.9149, val_nse=-1.404, tc=3.54]
Training Phys_DUH_Base_Topmodel:  18%|#8        | 27/150 [23:47<1:46:59, 52.19s/it, loss=20.9149, val_nse=-1.404, tc=3.54]
Training Phys_DUH_Base_Topmodel:  18%|#8        | 27/150 [24:38<1:46:59, 52.19s/it, loss=20.7691, val_nse=-1.396, tc=3.52]
Training Phys_DUH_Base_Topmodel:  19%|#8        | 28/150 [24:38<1:45:46, 52.02s/it, loss=20.7691, val_nse=-1.396, tc=3.52]
Training Phys_DUH_Base_Topmodel:  19%|#8        | 28/150 [25:31<1:45:46, 52.02s/it, loss=20.6291, val_nse=-1.403, tc=3.48]
Training Phys_DUH_Base_Topmodel:  19%|#9        | 29/150 [25:31<1:45:02, 52.09s/it, loss=20.6291, val_nse=-1.403, tc=3.48]
Training Phys_DUH_Base_Topmodel:  19%|#9        | 29/150 [26:23<1:45:02, 52.09s/it, loss=20.5786, val_nse=-1.404, tc=3.51]
Training Phys_DUH_Base_Topmodel:  20%|##        | 30/150 [26:23<1:44:25, 52.22s/it, loss=20.5786, val_nse=-1.404, tc=3.51]
Training Phys_DUH_Base_Topmodel:  20%|##        | 30/150 [27:15<1:44:25, 52.22s/it, loss=20.3860, val_nse=-1.391, tc=3.48]
Training Phys_DUH_Base_Topmodel:  21%|##        | 31/150 [27:15<1:43:17, 52.08s/it, loss=20.3860, val_nse=-1.391, tc=3.48]
Training Phys_DUH_Base_Topmodel:  21%|##        | 31/150 [28:07<1:43:17, 52.08s/it, loss=20.2100, val_nse=-1.386, tc=3.47]
Training Phys_DUH_Base_Topmodel:  21%|##1       | 32/150 [28:07<1:42:32, 52.14s/it, loss=20.2100, val_nse=-1.386, tc=3.47]
Training Phys_DUH_Base_Topmodel:  21%|##1       | 32/150 [28:59<1:42:32, 52.14s/it, loss=20.0216, val_nse=-1.374, tc=3.50]
Training Phys_DUH_Base_Topmodel:  22%|##2       | 33/150 [28:59<1:41:30, 52.06s/it, loss=20.0216, val_nse=-1.374, tc=3.50]
Training Phys_DUH_Base_Topmodel:  22%|##2       | 33/150 [29:51<1:41:30, 52.06s/it, loss=19.8890, val_nse=-1.389, tc=3.48]
Training Phys_DUH_Base_Topmodel:  23%|##2       | 34/150 [29:51<1:40:28, 51.97s/it, loss=19.8890, val_nse=-1.389, tc=3.48]
Training Phys_DUH_Base_Topmodel:  23%|##2       | 34/150 [30:43<1:40:28, 51.97s/it, loss=19.7686, val_nse=-1.375, tc=3.52]
Training Phys_DUH_Base_Topmodel:  23%|##3       | 35/150 [30:43<1:39:47, 52.06s/it, loss=19.7686, val_nse=-1.375, tc=3.52]
Training Phys_DUH_Base_Topmodel:  23%|##3       | 35/150 [31:35<1:39:47, 52.06s/it, loss=19.5132, val_nse=-1.358, tc=3.48]
Training Phys_DUH_Base_Topmodel:  24%|##4       | 36/150 [31:35<1:38:55, 52.06s/it, loss=19.5132, val_nse=-1.358, tc=3.48]
Training Phys_DUH_Base_Topmodel:  24%|##4       | 36/150 [32:28<1:38:55, 52.06s/it, loss=19.4650, val_nse=-1.372, tc=3.45]
Training Phys_DUH_Base_Topmodel:  25%|##4       | 37/150 [32:28<1:38:11, 52.14s/it, loss=19.4650, val_nse=-1.372, tc=3.45]
Training Phys_DUH_Base_Topmodel:  25%|##4       | 37/150 [33:20<1:38:11, 52.14s/it, loss=19.3299, val_nse=-1.348, tc=3.47]
Training Phys_DUH_Base_Topmodel:  25%|##5       | 38/150 [33:20<1:37:14, 52.10s/it, loss=19.3299, val_nse=-1.348, tc=3.47]
Training Phys_DUH_Base_Topmodel:  25%|##5       | 38/150 [34:12<1:37:14, 52.10s/it, loss=19.2326, val_nse=-1.331, tc=3.43]
Training Phys_DUH_Base_Topmodel:  26%|##6       | 39/150 [34:12<1:36:38, 52.23s/it, loss=19.2326, val_nse=-1.331, tc=3.43]
Training Phys_DUH_Base_Topmodel:  26%|##6       | 39/150 [35:04<1:36:38, 52.23s/it, loss=19.1167, val_nse=-1.352, tc=3.46]
Training Phys_DUH_Base_Topmodel:  27%|##6       | 40/150 [35:04<1:35:31, 52.10s/it, loss=19.1167, val_nse=-1.352, tc=3.46]
Training Phys_DUH_Base_Topmodel:  27%|##6       | 40/150 [35:56<1:35:31, 52.10s/it, loss=18.8623, val_nse=-1.345, tc=3.44]
Training Phys_DUH_Base_Topmodel:  27%|##7       | 41/150 [35:56<1:34:52, 52.22s/it, loss=18.8623, val_nse=-1.345, tc=3.44]
Training Phys_DUH_Base_Topmodel:  27%|##7       | 41/150 [36:50<1:34:52, 52.22s/it, loss=18.7460, val_nse=-1.319, tc=3.46]
Training Phys_DUH_Base_Topmodel:  28%|##8       | 42/150 [36:50<1:34:36, 52.56s/it, loss=18.7460, val_nse=-1.319, tc=3.46]
Training Phys_DUH_Base_Topmodel:  28%|##8       | 42/150 [37:42<1:34:36, 52.56s/it, loss=18.5794, val_nse=-1.325, tc=3.46]
Training Phys_DUH_Base_Topmodel:  29%|##8       | 43/150 [37:42<1:33:40, 52.53s/it, loss=18.5794, val_nse=-1.325, tc=3.46]
Training Phys_DUH_Base_Topmodel:  29%|##8       | 43/150 [38:35<1:33:40, 52.53s/it, loss=18.4628, val_nse=-1.305, tc=3.43]
Training Phys_DUH_Base_Topmodel:  29%|##9       | 44/150 [38:35<1:33:02, 52.67s/it, loss=18.4628, val_nse=-1.305, tc=3.43]
Training Phys_DUH_Base_Topmodel:  29%|##9       | 44/150 [39:27<1:33:02, 52.67s/it, loss=18.4210, val_nse=-1.322, tc=3.43]
Training Phys_DUH_Base_Topmodel:  30%|###       | 45/150 [39:27<1:31:52, 52.50s/it, loss=18.4210, val_nse=-1.322, tc=3.43]
Training Phys_DUH_Base_Topmodel:  30%|###       | 45/150 [40:20<1:31:52, 52.50s/it, loss=18.2482, val_nse=-1.302, tc=3.35]
Training Phys_DUH_Base_Topmodel:  31%|###       | 46/150 [40:20<1:31:21, 52.70s/it, loss=18.2482, val_nse=-1.302, tc=3.35]
Training Phys_DUH_Base_Topmodel:  31%|###       | 46/150 [41:13<1:31:21, 52.70s/it, loss=18.0931, val_nse=-1.288, tc=3.44]
Training Phys_DUH_Base_Topmodel:  31%|###1      | 47/150 [41:13<1:30:07, 52.50s/it, loss=18.0931, val_nse=-1.288, tc=3.44]
Training Phys_DUH_Base_Topmodel:  31%|###1      | 47/150 [42:04<1:30:07, 52.50s/it, loss=17.9422, val_nse=-1.299, tc=3.39]
Training Phys_DUH_Base_Topmodel:  32%|###2      | 48/150 [42:04<1:28:54, 52.30s/it, loss=17.9422, val_nse=-1.299, tc=3.39]
Training Phys_DUH_Base_Topmodel:  32%|###2      | 48/150 [42:57<1:28:54, 52.30s/it, loss=17.8346, val_nse=-1.321, tc=3.38]
Training Phys_DUH_Base_Topmodel:  33%|###2      | 49/150 [42:57<1:28:18, 52.46s/it, loss=17.8346, val_nse=-1.321, tc=3.38]
Training Phys_DUH_Base_Topmodel:  33%|###2      | 49/150 [43:49<1:28:18, 52.46s/it, loss=17.7924, val_nse=-1.300, tc=3.40]
Training Phys_DUH_Base_Topmodel:  33%|###3      | 50/150 [43:49<1:27:08, 52.28s/it, loss=17.7924, val_nse=-1.300, tc=3.40]
Training Phys_DUH_Base_Topmodel:  33%|###3      | 50/150 [44:41<1:27:08, 52.28s/it, loss=17.6640, val_nse=-1.350, tc=3.28]
Training Phys_DUH_Base_Topmodel:  34%|###4      | 51/150 [44:41<1:26:16, 52.29s/it, loss=17.6640, val_nse=-1.350, tc=3.28]
Training Phys_DUH_Base_Topmodel:  34%|###4      | 51/150 [45:34<1:26:16, 52.29s/it, loss=17.5810, val_nse=-1.307, tc=3.34]
Training Phys_DUH_Base_Topmodel:  35%|###4      | 52/150 [45:34<1:25:30, 52.36s/it, loss=17.5810, val_nse=-1.307, tc=3.34]
Training Phys_DUH_Base_Topmodel:  35%|###4      | 52/150 [46:27<1:25:30, 52.36s/it, loss=17.5300, val_nse=-1.360, tc=3.30]
Training Phys_DUH_Base_Topmodel:  35%|###5      | 53/150 [46:27<1:24:55, 52.53s/it, loss=17.5300, val_nse=-1.360, tc=3.30]
Training Phys_DUH_Base_Topmodel:  35%|###5      | 53/150 [47:19<1:24:55, 52.53s/it, loss=17.4391, val_nse=-1.343, tc=3.39]
Training Phys_DUH_Base_Topmodel:  36%|###6      | 54/150 [47:19<1:23:59, 52.50s/it, loss=17.4391, val_nse=-1.343, tc=3.39]
Training Phys_DUH_Base_Topmodel:  36%|###6      | 54/150 [48:11<1:23:59, 52.50s/it, loss=17.3511, val_nse=-1.340, tc=3.46]
Training Phys_DUH_Base_Topmodel:  37%|###6      | 55/150 [48:11<1:22:58, 52.41s/it, loss=17.3511, val_nse=-1.340, tc=3.46]
Training Phys_DUH_Base_Topmodel:  37%|###6      | 55/150 [49:04<1:22:58, 52.41s/it, loss=17.3171, val_nse=-1.328, tc=3.45]
Training Phys_DUH_Base_Topmodel:  37%|###7      | 56/150 [49:04<1:22:06, 52.41s/it, loss=17.3171, val_nse=-1.328, tc=3.45]
Training Phys_DUH_Base_Topmodel:  37%|###7      | 56/150 [49:57<1:22:06, 52.41s/it, loss=17.3098, val_nse=-1.311, tc=3.45]
Training Phys_DUH_Base_Topmodel:  38%|###8      | 57/150 [49:57<1:21:22, 52.50s/it, loss=17.3098, val_nse=-1.311, tc=3.45]
Training Phys_DUH_Base_Topmodel:  38%|###8      | 57/150 [50:49<1:21:22, 52.50s/it, loss=17.3259, val_nse=-1.338, tc=3.44]
Training Phys_DUH_Base_Topmodel:  39%|###8      | 58/150 [50:49<1:20:17, 52.37s/it, loss=17.3259, val_nse=-1.338, tc=3.44]
Training Phys_DUH_Base_Topmodel:  39%|###8      | 58/150 [51:40<1:20:17, 52.37s/it, loss=17.2551, val_nse=-1.341, tc=3.46]
Training Phys_DUH_Base_Topmodel:  39%|###9      | 59/150 [51:40<1:18:59, 52.09s/it, loss=17.2551, val_nse=-1.341, tc=3.46]
Training Phys_DUH_Base_Topmodel:  39%|###9      | 59/150 [52:32<1:18:59, 52.09s/it, loss=17.2121, val_nse=-1.307, tc=3.47]
Training Phys_DUH_Base_Topmodel:  40%|####      | 60/150 [52:32<1:17:59, 52.00s/it, loss=17.2121, val_nse=-1.307, tc=3.47]
Training Phys_DUH_Base_Topmodel:  40%|####      | 60/150 [53:24<1:17:59, 52.00s/it, loss=17.2501, val_nse=-1.329, tc=3.47]
Training Phys_DUH_Base_Topmodel:  41%|####      | 61/150 [53:24<1:17:21, 52.15s/it, loss=17.2501, val_nse=-1.329, tc=3.47]
Training Phys_DUH_Base_Topmodel:  41%|####      | 61/150 [54:16<1:17:21, 52.15s/it, loss=17.0402, val_nse=-1.327, tc=3.44]
Training Phys_DUH_Base_Topmodel:  41%|####1     | 62/150 [54:16<1:16:25, 52.11s/it, loss=17.0402, val_nse=-1.327, tc=3.44]
Training Phys_DUH_Base_Topmodel:  41%|####1     | 62/150 [55:08<1:16:25, 52.11s/it, loss=17.0310, val_nse=-1.348, tc=3.44]
Training Phys_DUH_Base_Topmodel:  42%|####2     | 63/150 [55:08<1:15:26, 52.03s/it, loss=17.0310, val_nse=-1.348, tc=3.44]
Training Phys_DUH_Base_Topmodel:  42%|####2     | 63/150 [56:00<1:15:26, 52.03s/it, loss=17.0570, val_nse=-1.333, tc=3.46]
Training Phys_DUH_Base_Topmodel:  43%|####2     | 64/150 [56:00<1:14:26, 51.93s/it, loss=17.0570, val_nse=-1.333, tc=3.46]
Training Phys_DUH_Base_Topmodel:  43%|####2     | 64/150 [56:52<1:14:26, 51.93s/it, loss=17.1091, val_nse=-1.320, tc=3.44]
Training Phys_DUH_Base_Topmodel:  43%|####3     | 65/150 [56:52<1:13:51, 52.13s/it, loss=17.1091, val_nse=-1.320, tc=3.44]
Training Phys_DUH_Base_Topmodel:  43%|####3     | 65/150 [57:45<1:13:51, 52.13s/it, loss=17.0947, val_nse=-1.345, tc=3.44]
Training Phys_DUH_Base_Topmodel:  44%|####4     | 66/150 [57:45<1:13:03, 52.18s/it, loss=17.0947, val_nse=-1.345, tc=3.44]
Training Phys_DUH_Base_Topmodel:  44%|####4     | 66/150 [58:37<1:13:03, 52.18s/it, loss=16.9194, val_nse=-1.331, tc=3.43]
Training Phys_DUH_Base_Topmodel:  45%|####4     | 67/150 [58:37<1:12:20, 52.30s/it, loss=16.9194, val_nse=-1.331, tc=3.43]
Training Phys_DUH_Base_Topmodel:  45%|####4     | 67/150 [59:30<1:12:20, 52.30s/it, loss=17.0324, val_nse=-1.327, tc=3.45]
Training Phys_DUH_Base_Topmodel:  45%|####5     | 68/150 [59:30<1:11:42, 52.47s/it, loss=17.0324, val_nse=-1.327, tc=3.45]
