======================================================================
  ABLACAO - TTD-SCS-LSTM v2
  10 Experimentos de Ablacao
======================================================================

Device: cuda
Seed: 44
Dataset: D:\TTD_SCS_LSTM\ablacao_skill\data\dataset_58585000_telem.h5
Lookback: 240h (10.0 dias)
Horizon: 1h
Epochs: 150
Batch size: 512

Modelos a executar:
  - phys_duh_base_topmodel: 

Carregando dados...
  Train: 27,292 samples
  Val: 5,998 samples
  Test: 6,323 samples
  Ottobacias: 245
  CN 2022 medio: 64.4
  Tc Base medio: 10.48h
  Tc Manning medio: 25.87h

[1/1] phys_duh_base_topmodel

============================================================
  Modelo: Phys_DUH_Base_Topmodel
  Parametros: 7
============================================================

Training Phys_DUH_Base_Topmodel:   0%|          | 0/150 [00:00<?, ?it/s]
Training Phys_DUH_Base_Topmodel:   0%|          | 0/150 [00:52<?, ?it/s, loss=102.7182, val_nse=-11.700, tc=1.23]
Training Phys_DUH_Base_Topmodel:   1%|          | 1/150 [00:52<2:10:18, 52.48s/it, loss=102.7182, val_nse=-11.700, tc=1.23]
Training Phys_DUH_Base_Topmodel:   1%|          | 1/150 [01:46<2:10:18, 52.48s/it, loss=76.2261, val_nse=-7.337, tc=1.58]  
Training Phys_DUH_Base_Topmodel:   1%|1         | 2/150 [01:46<2:12:04, 53.54s/it, loss=76.2261, val_nse=-7.337, tc=1.58]
Training Phys_DUH_Base_Topmodel:   1%|1         | 2/150 [02:41<2:12:04, 53.54s/it, loss=54.9887, val_nse=-4.621, tc=2.07]
Training Phys_DUH_Base_Topmodel:   2%|2         | 3/150 [02:41<2:12:47, 54.20s/it, loss=54.9887, val_nse=-4.621, tc=2.07]
Training Phys_DUH_Base_Topmodel:   2%|2         | 3/150 [03:36<2:12:47, 54.20s/it, loss=41.8944, val_nse=-3.165, tc=2.65]
Training Phys_DUH_Base_Topmodel:   3%|2         | 4/150 [03:36<2:12:01, 54.26s/it, loss=41.8944, val_nse=-3.165, tc=2.65]
Training Phys_DUH_Base_Topmodel:   3%|2         | 4/150 [04:31<2:12:01, 54.26s/it, loss=35.0626, val_nse=-2.458, tc=3.13]
Training Phys_DUH_Base_Topmodel:   3%|3         | 5/150 [04:31<2:11:46, 54.53s/it, loss=35.0626, val_nse=-2.458, tc=3.13]
Training Phys_DUH_Base_Topmodel:   3%|3         | 5/150 [05:25<2:11:46, 54.53s/it, loss=31.6891, val_nse=-2.058, tc=3.40]
Training Phys_DUH_Base_Topmodel:   4%|4         | 6/150 [05:25<2:11:08, 54.64s/it, loss=31.6891, val_nse=-2.058, tc=3.40]
Training Phys_DUH_Base_Topmodel:   4%|4         | 6/150 [06:20<2:11:08, 54.64s/it, loss=29.4290, val_nse=-1.820, tc=3.59]
Training Phys_DUH_Base_Topmodel:   5%|4         | 7/150 [06:20<2:10:08, 54.60s/it, loss=29.4290, val_nse=-1.820, tc=3.59]
Training Phys_DUH_Base_Topmodel:   5%|4         | 7/150 [07:15<2:10:08, 54.60s/it, loss=28.0105, val_nse=-1.683, tc=3.75]
Training Phys_DUH_Base_Topmodel:   5%|5         | 8/150 [07:15<2:09:25, 54.69s/it, loss=28.0105, val_nse=-1.683, tc=3.75]
Training Phys_DUH_Base_Topmodel:   5%|5         | 8/150 [08:09<2:09:25, 54.69s/it, loss=26.9758, val_nse=-1.617, tc=3.81]
Training Phys_DUH_Base_Topmodel:   6%|6         | 9/150 [08:09<2:08:05, 54.51s/it, loss=26.9758, val_nse=-1.617, tc=3.81]
Training Phys_DUH_Base_Topmodel:   6%|6         | 9/150 [09:03<2:08:05, 54.51s/it, loss=26.2885, val_nse=-1.577, tc=3.78]
Training Phys_DUH_Base_Topmodel:   7%|6         | 10/150 [09:03<2:07:09, 54.49s/it, loss=26.2885, val_nse=-1.577, tc=3.78]
Training Phys_DUH_Base_Topmodel:   7%|6         | 10/150 [10:02<2:07:09, 54.49s/it, loss=25.6698, val_nse=-1.541, tc=3.81]
Training Phys_DUH_Base_Topmodel:   7%|7         | 11/150 [10:02<2:09:10, 55.76s/it, loss=25.6698, val_nse=-1.541, tc=3.81]
Training Phys_DUH_Base_Topmodel:   7%|7         | 11/150 [10:56<2:09:10, 55.76s/it, loss=25.0924, val_nse=-1.527, tc=3.80]
Training Phys_DUH_Base_Topmodel:   8%|8         | 12/150 [10:56<2:07:04, 55.25s/it, loss=25.0924, val_nse=-1.527, tc=3.80]
Training Phys_DUH_Base_Topmodel:   8%|8         | 12/150 [11:51<2:07:04, 55.25s/it, loss=24.7282, val_nse=-1.509, tc=3.85]
Training Phys_DUH_Base_Topmodel:   9%|8         | 13/150 [11:51<2:05:41, 55.05s/it, loss=24.7282, val_nse=-1.509, tc=3.85]
Training Phys_DUH_Base_Topmodel:   9%|8         | 13/150 [12:46<2:05:41, 55.05s/it, loss=24.3681, val_nse=-1.498, tc=3.86]
Training Phys_DUH_Base_Topmodel:   9%|9         | 14/150 [12:46<2:04:38, 54.99s/it, loss=24.3681, val_nse=-1.498, tc=3.86]
Training Phys_DUH_Base_Topmodel:   9%|9         | 14/150 [13:40<2:04:38, 54.99s/it, loss=24.0305, val_nse=-1.496, tc=3.82]
Training Phys_DUH_Base_Topmodel:  10%|#         | 15/150 [13:40<2:03:34, 54.92s/it, loss=24.0305, val_nse=-1.496, tc=3.82]
Training Phys_DUH_Base_Topmodel:  10%|#         | 15/150 [14:35<2:03:34, 54.92s/it, loss=23.6648, val_nse=-1.492, tc=3.80]
Training Phys_DUH_Base_Topmodel:  11%|#         | 16/150 [14:35<2:02:31, 54.86s/it, loss=23.6648, val_nse=-1.492, tc=3.80]
Training Phys_DUH_Base_Topmodel:  11%|#         | 16/150 [15:31<2:02:31, 54.86s/it, loss=23.6081, val_nse=-1.479, tc=3.83]
Training Phys_DUH_Base_Topmodel:  11%|#1        | 17/150 [15:31<2:02:08, 55.10s/it, loss=23.6081, val_nse=-1.479, tc=3.83]
Training Phys_DUH_Base_Topmodel:  11%|#1        | 17/150 [16:25<2:02:08, 55.10s/it, loss=23.1564, val_nse=-1.473, tc=3.79]
Training Phys_DUH_Base_Topmodel:  12%|#2        | 18/150 [16:25<2:00:37, 54.83s/it, loss=23.1564, val_nse=-1.473, tc=3.79]
Training Phys_DUH_Base_Topmodel:  12%|#2        | 18/150 [17:19<2:00:37, 54.83s/it, loss=22.9212, val_nse=-1.464, tc=3.83]
Training Phys_DUH_Base_Topmodel:  13%|#2        | 19/150 [17:19<1:59:14, 54.61s/it, loss=22.9212, val_nse=-1.464, tc=3.83]
Training Phys_DUH_Base_Topmodel:  13%|#2        | 19/150 [18:13<1:59:14, 54.61s/it, loss=22.8802, val_nse=-1.453, tc=3.75]
Training Phys_DUH_Base_Topmodel:  13%|#3        | 20/150 [18:13<1:57:47, 54.36s/it, loss=22.8802, val_nse=-1.453, tc=3.75]
Training Phys_DUH_Base_Topmodel:  13%|#3        | 20/150 [19:07<1:57:47, 54.36s/it, loss=22.3457, val_nse=-1.440, tc=3.74]
Training Phys_DUH_Base_Topmodel:  14%|#4        | 21/150 [19:07<1:56:46, 54.31s/it, loss=22.3457, val_nse=-1.440, tc=3.74]
Training Phys_DUH_Base_Topmodel:  14%|#4        | 21/150 [20:01<1:56:46, 54.31s/it, loss=22.1297, val_nse=-1.438, tc=3.70]
Training Phys_DUH_Base_Topmodel:  15%|#4        | 22/150 [20:01<1:55:26, 54.12s/it, loss=22.1297, val_nse=-1.438, tc=3.70]
Training Phys_DUH_Base_Topmodel:  15%|#4        | 22/150 [20:55<1:55:26, 54.12s/it, loss=21.8593, val_nse=-1.434, tc=3.72]
Training Phys_DUH_Base_Topmodel:  15%|#5        | 23/150 [20:55<1:54:25, 54.06s/it, loss=21.8593, val_nse=-1.434, tc=3.72]
Training Phys_DUH_Base_Topmodel:  15%|#5        | 23/150 [21:49<1:54:25, 54.06s/it, loss=21.7160, val_nse=-1.430, tc=3.72]
Training Phys_DUH_Base_Topmodel:  16%|#6        | 24/150 [21:49<1:53:40, 54.13s/it, loss=21.7160, val_nse=-1.430, tc=3.72]
Training Phys_DUH_Base_Topmodel:  16%|#6        | 24/150 [22:43<1:53:40, 54.13s/it, loss=21.4661, val_nse=-1.418, tc=3.67]
Training Phys_DUH_Base_Topmodel:  17%|#6        | 25/150 [22:43<1:52:42, 54.10s/it, loss=21.4661, val_nse=-1.418, tc=3.67]
Training Phys_DUH_Base_Topmodel:  17%|#6        | 25/150 [23:37<1:52:42, 54.10s/it, loss=21.3486, val_nse=-1.407, tc=3.71]
Training Phys_DUH_Base_Topmodel:  17%|#7        | 26/150 [23:37<1:51:53, 54.14s/it, loss=21.3486, val_nse=-1.407, tc=3.71]
Training Phys_DUH_Base_Topmodel:  17%|#7        | 26/150 [24:31<1:51:53, 54.14s/it, loss=21.1744, val_nse=-1.413, tc=3.70]
Training Phys_DUH_Base_Topmodel:  18%|#8        | 27/150 [24:31<1:50:44, 54.02s/it, loss=21.1744, val_nse=-1.413, tc=3.70]
Training Phys_DUH_Base_Topmodel:  18%|#8        | 27/150 [25:25<1:50:44, 54.02s/it, loss=20.9227, val_nse=-1.403, tc=3.66]
Training Phys_DUH_Base_Topmodel:  19%|#8        | 28/150 [25:25<1:49:50, 54.02s/it, loss=20.9227, val_nse=-1.403, tc=3.66]
Training Phys_DUH_Base_Topmodel:  19%|#8        | 28/150 [26:19<1:49:50, 54.02s/it, loss=20.7504, val_nse=-1.401, tc=3.62]
Training Phys_DUH_Base_Topmodel:  19%|#9        | 29/150 [26:19<1:49:07, 54.11s/it, loss=20.7504, val_nse=-1.401, tc=3.62]
Training Phys_DUH_Base_Topmodel:  19%|#9        | 29/150 [27:13<1:49:07, 54.11s/it, loss=20.6508, val_nse=-1.397, tc=3.59]
Training Phys_DUH_Base_Topmodel:  20%|##        | 30/150 [27:13<1:48:04, 54.04s/it, loss=20.6508, val_nse=-1.397, tc=3.59]
Training Phys_DUH_Base_Topmodel:  20%|##        | 30/150 [28:07<1:48:04, 54.04s/it, loss=20.4081, val_nse=-1.397, tc=3.53]
Training Phys_DUH_Base_Topmodel:  21%|##        | 31/150 [28:07<1:47:10, 54.04s/it, loss=20.4081, val_nse=-1.397, tc=3.53]
Training Phys_DUH_Base_Topmodel:  21%|##        | 31/150 [29:01<1:47:10, 54.04s/it, loss=20.3265, val_nse=-1.390, tc=3.52]
Training Phys_DUH_Base_Topmodel:  21%|##1       | 32/150 [29:01<1:46:25, 54.11s/it, loss=20.3265, val_nse=-1.390, tc=3.52]
Training Phys_DUH_Base_Topmodel:  21%|##1       | 32/150 [29:56<1:46:25, 54.11s/it, loss=20.2170, val_nse=-1.396, tc=3.53]
Training Phys_DUH_Base_Topmodel:  22%|##2       | 33/150 [29:56<1:45:35, 54.15s/it, loss=20.2170, val_nse=-1.396, tc=3.53]
Training Phys_DUH_Base_Topmodel:  22%|##2       | 33/150 [30:50<1:45:35, 54.15s/it, loss=19.9510, val_nse=-1.373, tc=3.47]
Training Phys_DUH_Base_Topmodel:  23%|##2       | 34/150 [30:50<1:44:55, 54.27s/it, loss=19.9510, val_nse=-1.373, tc=3.47]
Training Phys_DUH_Base_Topmodel:  23%|##2       | 34/150 [31:45<1:44:55, 54.27s/it, loss=19.7374, val_nse=-1.375, tc=3.43]
Training Phys_DUH_Base_Topmodel:  23%|##3       | 35/150 [31:45<1:44:09, 54.35s/it, loss=19.7374, val_nse=-1.375, tc=3.43]
Training Phys_DUH_Base_Topmodel:  23%|##3       | 35/150 [32:39<1:44:09, 54.35s/it, loss=19.7011, val_nse=-1.377, tc=3.45]
Training Phys_DUH_Base_Topmodel:  24%|##4       | 36/150 [32:39<1:43:09, 54.29s/it, loss=19.7011, val_nse=-1.377, tc=3.45]
Training Phys_DUH_Base_Topmodel:  24%|##4       | 36/150 [33:33<1:43:09, 54.29s/it, loss=19.5335, val_nse=-1.367, tc=3.43]
Training Phys_DUH_Base_Topmodel:  25%|##4       | 37/150 [33:33<1:42:15, 54.30s/it, loss=19.5335, val_nse=-1.367, tc=3.43]
Training Phys_DUH_Base_Topmodel:  25%|##4       | 37/150 [34:28<1:42:15, 54.30s/it, loss=19.3177, val_nse=-1.356, tc=3.44]
Training Phys_DUH_Base_Topmodel:  25%|##5       | 38/150 [34:28<1:41:39, 54.46s/it, loss=19.3177, val_nse=-1.356, tc=3.44]
Training Phys_DUH_Base_Topmodel:  25%|##5       | 38/150 [35:22<1:41:39, 54.46s/it, loss=19.2753, val_nse=-1.347, tc=3.50]
Training Phys_DUH_Base_Topmodel:  26%|##6       | 39/150 [35:22<1:40:25, 54.28s/it, loss=19.2753, val_nse=-1.347, tc=3.50]
Training Phys_DUH_Base_Topmodel:  26%|##6       | 39/150 [36:17<1:40:25, 54.28s/it, loss=19.0346, val_nse=-1.355, tc=3.45]
Training Phys_DUH_Base_Topmodel:  27%|##6       | 40/150 [36:17<1:40:05, 54.59s/it, loss=19.0346, val_nse=-1.355, tc=3.45]
Training Phys_DUH_Base_Topmodel:  27%|##6       | 40/150 [37:12<1:40:05, 54.59s/it, loss=18.8990, val_nse=-1.319, tc=3.39]
Training Phys_DUH_Base_Topmodel:  27%|##7       | 41/150 [37:12<1:39:06, 54.55s/it, loss=18.8990, val_nse=-1.319, tc=3.39]
Training Phys_DUH_Base_Topmodel:  27%|##7       | 41/150 [38:06<1:39:06, 54.55s/it, loss=18.7348, val_nse=-1.351, tc=3.34]
Training Phys_DUH_Base_Topmodel:  28%|##8       | 42/150 [38:06<1:37:58, 54.43s/it, loss=18.7348, val_nse=-1.351, tc=3.34]
Training Phys_DUH_Base_Topmodel:  28%|##8       | 42/150 [39:00<1:37:58, 54.43s/it, loss=18.7933, val_nse=-1.303, tc=3.37]
Training Phys_DUH_Base_Topmodel:  29%|##8       | 43/150 [39:00<1:37:10, 54.49s/it, loss=18.7933, val_nse=-1.303, tc=3.37]
Training Phys_DUH_Base_Topmodel:  29%|##8       | 43/150 [39:55<1:37:10, 54.49s/it, loss=18.5433, val_nse=-1.333, tc=3.32]
Training Phys_DUH_Base_Topmodel:  29%|##9       | 44/150 [39:55<1:36:17, 54.51s/it, loss=18.5433, val_nse=-1.333, tc=3.32]
Training Phys_DUH_Base_Topmodel:  29%|##9       | 44/150 [40:50<1:36:17, 54.51s/it, loss=18.4346, val_nse=-1.297, tc=3.35]
Training Phys_DUH_Base_Topmodel:  30%|###       | 45/150 [40:50<1:35:39, 54.66s/it, loss=18.4346, val_nse=-1.297, tc=3.35]
Training Phys_DUH_Base_Topmodel:  30%|###       | 45/150 [41:44<1:35:39, 54.66s/it, loss=18.3162, val_nse=-1.295, tc=3.48]
Training Phys_DUH_Base_Topmodel:  31%|###       | 46/150 [41:44<1:34:20, 54.43s/it, loss=18.3162, val_nse=-1.295, tc=3.48]
Training Phys_DUH_Base_Topmodel:  31%|###       | 46/150 [42:38<1:34:20, 54.43s/it, loss=18.1950, val_nse=-1.326, tc=3.48]
Training Phys_DUH_Base_Topmodel:  31%|###1      | 47/150 [42:38<1:33:18, 54.36s/it, loss=18.1950, val_nse=-1.326, tc=3.48]
Training Phys_DUH_Base_Topmodel:  31%|###1      | 47/150 [43:33<1:33:18, 54.36s/it, loss=18.1141, val_nse=-1.308, tc=3.47]
Training Phys_DUH_Base_Topmodel:  32%|###2      | 48/150 [43:33<1:32:29, 54.41s/it, loss=18.1141, val_nse=-1.308, tc=3.47]
Training Phys_DUH_Base_Topmodel:  32%|###2      | 48/150 [44:27<1:32:29, 54.41s/it, loss=17.9643, val_nse=-1.293, tc=3.46]
Training Phys_DUH_Base_Topmodel:  33%|###2      | 49/150 [44:27<1:31:24, 54.30s/it, loss=17.9643, val_nse=-1.293, tc=3.46]
Training Phys_DUH_Base_Topmodel:  33%|###2      | 49/150 [45:21<1:31:24, 54.30s/it, loss=17.8464, val_nse=-1.325, tc=3.43]
Training Phys_DUH_Base_Topmodel:  33%|###3      | 50/150 [45:21<1:30:35, 54.35s/it, loss=17.8464, val_nse=-1.325, tc=3.43]
Training Phys_DUH_Base_Topmodel:  33%|###3      | 50/150 [46:16<1:30:35, 54.35s/it, loss=17.7657, val_nse=-1.298, tc=3.38]
Training Phys_DUH_Base_Topmodel:  34%|###4      | 51/150 [46:16<1:29:48, 54.43s/it, loss=17.7657, val_nse=-1.298, tc=3.38]
Training Phys_DUH_Base_Topmodel:  34%|###4      | 51/150 [47:10<1:29:48, 54.43s/it, loss=17.7509, val_nse=-1.301, tc=3.40]
Training Phys_DUH_Base_Topmodel:  35%|###4      | 52/150 [47:10<1:28:43, 54.32s/it, loss=17.7509, val_nse=-1.301, tc=3.40]
Training Phys_DUH_Base_Topmodel:  35%|###4      | 52/150 [48:04<1:28:43, 54.32s/it, loss=17.5809, val_nse=-1.366, tc=3.40]
Training Phys_DUH_Base_Topmodel:  35%|###5      | 53/150 [48:04<1:27:48, 54.31s/it, loss=17.5809, val_nse=-1.366, tc=3.40]
Training Phys_DUH_Base_Topmodel:  35%|###5      | 53/150 [48:59<1:27:48, 54.31s/it, loss=17.4892, val_nse=-1.298, tc=3.45]
Training Phys_DUH_Base_Topmodel:  36%|###6      | 54/150 [48:59<1:27:01, 54.39s/it, loss=17.4892, val_nse=-1.298, tc=3.45]
Training Phys_DUH_Base_Topmodel:  36%|###6      | 54/150 [49:53<1:27:01, 54.39s/it, loss=17.4417, val_nse=-1.312, tc=3.47]
Training Phys_DUH_Base_Topmodel:  37%|###6      | 55/150 [49:53<1:26:03, 54.35s/it, loss=17.4417, val_nse=-1.312, tc=3.47]
Training Phys_DUH_Base_Topmodel:  37%|###6      | 55/150 [50:47<1:26:03, 54.35s/it, loss=17.4624, val_nse=-1.318, tc=3.45]
Training Phys_DUH_Base_Topmodel:  37%|###7      | 56/150 [50:47<1:24:58, 54.24s/it, loss=17.4624, val_nse=-1.318, tc=3.45]
Training Phys_DUH_Base_Topmodel:  37%|###7      | 56/150 [51:41<1:24:58, 54.24s/it, loss=17.2694, val_nse=-1.299, tc=3.49]
Training Phys_DUH_Base_Topmodel:  38%|###8      | 57/150 [51:41<1:23:45, 54.04s/it, loss=17.2694, val_nse=-1.299, tc=3.49]
Training Phys_DUH_Base_Topmodel:  38%|###8      | 57/150 [52:34<1:23:45, 54.04s/it, loss=17.2271, val_nse=-1.326, tc=3.46]
Training Phys_DUH_Base_Topmodel:  39%|###8      | 58/150 [52:34<1:22:45, 53.97s/it, loss=17.2271, val_nse=-1.326, tc=3.46]
Training Phys_DUH_Base_Topmodel:  39%|###8      | 58/150 [53:29<1:22:45, 53.97s/it, loss=17.0934, val_nse=-1.311, tc=3.45]
Training Phys_DUH_Base_Topmodel:  39%|###9      | 59/150 [53:29<1:22:09, 54.17s/it, loss=17.0934, val_nse=-1.311, tc=3.45]
Training Phys_DUH_Base_Topmodel:  39%|###9      | 59/150 [54:23<1:22:09, 54.17s/it, loss=17.1318, val_nse=-1.341, tc=3.44]
Training Phys_DUH_Base_Topmodel:  40%|####      | 60/150 [54:23<1:21:15, 54.17s/it, loss=17.1318, val_nse=-1.341, tc=3.44]
Training Phys_DUH_Base_Topmodel:  40%|####      | 60/150 [55:17<1:21:15, 54.17s/it, loss=17.1267, val_nse=-1.340, tc=3.43]
Training Phys_DUH_Base_Topmodel:  41%|####      | 61/150 [55:17<1:20:09, 54.04s/it, loss=17.1267, val_nse=-1.340, tc=3.43]
Training Phys_DUH_Base_Topmodel:  41%|####      | 61/150 [56:11<1:20:09, 54.04s/it, loss=17.1204, val_nse=-1.327, tc=3.42]
Training Phys_DUH_Base_Topmodel:  41%|####1     | 62/150 [56:11<1:19:05, 53.93s/it, loss=17.1204, val_nse=-1.327, tc=3.42]
Training Phys_DUH_Base_Topmodel:  41%|####1     | 62/150 [57:05<1:19:05, 53.93s/it, loss=17.0314, val_nse=-1.319, tc=3.44]
Training Phys_DUH_Base_Topmodel:  42%|####2     | 63/150 [57:05<1:18:20, 54.02s/it, loss=17.0314, val_nse=-1.319, tc=3.44]
Training Phys_DUH_Base_Topmodel:  42%|####2     | 63/150 [57:59<1:18:20, 54.02s/it, loss=16.9949, val_nse=-1.318, tc=3.41]
Training Phys_DUH_Base_Topmodel:  43%|####2     | 64/150 [57:59<1:17:43, 54.22s/it, loss=16.9949, val_nse=-1.318, tc=3.41]
Training Phys_DUH_Base_Topmodel:  43%|####2     | 64/150 [58:54<1:17:43, 54.22s/it, loss=16.9893, val_nse=-1.326, tc=3.41]
Training Phys_DUH_Base_Topmodel:  43%|####3     | 65/150 [58:54<1:16:58, 54.33s/it, loss=16.9893, val_nse=-1.326, tc=3.41]
Training Phys_DUH_Base_Topmodel:  43%|####3     | 65/150 [59:49<1:16:58, 54.33s/it, loss=16.9435, val_nse=-1.328, tc=3.41]
Training Phys_DUH_Base_Topmodel:  44%|####4     | 66/150 [59:49<1:16:23, 54.56s/it, loss=16.9435, val_nse=-1.328, tc=3.41]
