
##### PRODUTO=telem | device=cuda | janelas: train=27292 val=5998 test=6323
=== produto=telem backbone=lstm (~55k params) ===
  A: SO CHUVA AGREGADA (1 canal): @1h=-0.060±0.108  (@1h=-0.060 @24h=nan)
    PERSEED chuva @1h: 0=-0.1818,1=0.0250,2=-0.2009,3=0.0348,4=0.0239
  C: SO FEATURE TEMPORAL, SEM CHUVA (2 canais): @1h=0.146±0.089  (@1h=0.146 @24h=nan)
    PERSEED tempo @1h: 0=-0.0199,1=0.1670,2=0.1699,3=0.2488,4=0.1633
  B: CHUVA+HORA/MES (3 canais): @1h=0.649±0.046  (@1h=0.649 @24h=nan)
    PERSEED ambos @1h: 0=0.6279,1=0.6784,2=0.6596,3=0.7077,4=0.5723

##### PRODUTO=merge | device=cuda | janelas: train=26295 val=4284 test=5285
=== produto=merge backbone=lstm (~55k params) ===
  A: SO CHUVA AGREGADA (1 canal): @1h=0.146±0.046  (@1h=0.146 @24h=nan)
    PERSEED chuva @1h: 0=0.0720,1=0.2028,2=0.1341,3=0.1342,4=0.1884
  C: SO FEATURE TEMPORAL, SEM CHUVA (2 canais): @1h=0.000±0.138  (@1h=0.000 @24h=nan)
    PERSEED tempo @1h: 0=0.0078,1=-0.2328,2=0.1121,3=-0.0485,4=0.1627
  B: CHUVA+HORA/MES (3 canais): @1h=0.497±0.055  (@1h=0.497 @24h=nan)
    PERSEED ambos @1h: 0=0.4528,1=0.5623,2=0.4997,3=0.5510,4=0.4183

##### PRODUTO=imerg | device=cuda | janelas: train=27292 val=5998 test=6323
=== produto=imerg backbone=lstm (~55k params) ===
  A: SO CHUVA AGREGADA (1 canal): @1h=-0.391±0.160  (@1h=-0.391 @24h=nan)
    PERSEED chuva @1h: 0=-0.2317,1=-0.6828,2=-0.2694,3=-0.3546,4=-0.4182
  C: SO FEATURE TEMPORAL, SEM CHUVA (2 canais): @1h=0.146±0.089  (@1h=0.146 @24h=nan)
    PERSEED tempo @1h: 0=-0.0199,1=0.1670,2=0.1699,3=0.2488,4=0.1633
  B: CHUVA+HORA/MES (3 canais): @1h=0.299±0.101  (@1h=0.299 @24h=nan)
    PERSEED ambos @1h: 0=0.4384,1=0.1828,2=0.3555,3=0.3376,4=0.1830

##### PRODUTO=mswep | device=cuda | janelas: train=27292 val=5998 test=6323
=== produto=mswep backbone=lstm (~55k params) ===
  A: SO CHUVA AGREGADA (1 canal): @1h=0.098±0.041  (@1h=0.098 @24h=nan)
    PERSEED chuva @1h: 0=0.1250,1=0.0708,2=0.0380,3=0.1027,4=0.1555
  C: SO FEATURE TEMPORAL, SEM CHUVA (2 canais): @1h=0.146±0.089  (@1h=0.146 @24h=nan)
    PERSEED tempo @1h: 0=-0.0199,1=0.1670,2=0.1699,3=0.2488,4=0.1633
  B: CHUVA+HORA/MES (3 canais): @1h=0.530±0.047  (@1h=0.530 @24h=nan)
    PERSEED ambos @1h: 0=0.5185,1=0.4747,2=0.4972,3=0.5518,4=0.6080

##### PRODUTO=era5land | device=cuda | janelas: train=27292 val=5998 test=6323
=== produto=era5land backbone=lstm (~55k params) ===
  A: SO CHUVA AGREGADA (1 canal): @1h=-0.251±0.084  (@1h=-0.251 @24h=nan)
    PERSEED chuva @1h: 0=-0.2158,1=-0.3796,2=-0.3137,3=-0.1533,4=-0.1905
  C: SO FEATURE TEMPORAL, SEM CHUVA (2 canais): @1h=0.146±0.089  (@1h=0.146 @24h=nan)
    PERSEED tempo @1h: 0=-0.0199,1=0.1670,2=0.1699,3=0.2488,4=0.1633
  B: CHUVA+HORA/MES (3 canais): @1h=0.416±0.071  (@1h=0.416 @24h=nan)
    PERSEED ambos @1h: 0=0.4889,1=0.4146,2=0.4880,3=0.3918,4=0.2980

========================================================================
RESUMO NSE@1h (média±σ, 5 seeds) — A/B/C por produto x arquitetura
========================================================================
produto    backbone         A:só chuva     C:só tempo   B:chuva+tempo
telem      lstm           -0.060±0.108    0.146±0.089     0.649±0.046
merge      lstm            0.146±0.046    0.000±0.138     0.497±0.055
imerg      lstm           -0.391±0.160    0.146±0.089     0.299±0.101
mswep      lstm            0.098±0.041    0.146±0.089     0.530±0.047
era5land   lstm           -0.251±0.084    0.146±0.089     0.416±0.071
