
##### PRODUTO=telem | device=cuda | janelas: train=27292 val=5998 test=6323
=== produto=telem backbone=lstm (~55k params) ===
  A: SO CHUVA AGREGADA (1 canal): @1h=-0.016±0.076  (@1h=-0.016 @24h=nan)
    PERSEED chuva @1h: 0=-0.0494,1=0.0300,2=0.0481,3=0.0439,4=-0.1513
  C: SO FEATURE TEMPORAL, SEM CHUVA (2 canais): @1h=0.054±0.191  (@1h=0.054 @24h=nan)
    PERSEED tempo @1h: 0=0.2088,1=0.0862,2=0.1557,3=-0.3191,4=0.1382
  B: CHUVA+HORA/MES (3 canais): @1h=0.677±0.022  (@1h=0.677 @24h=nan)
    PERSEED ambos @1h: 0=0.6796,1=0.7138,2=0.6614,3=0.6827,4=0.6473

##### PRODUTO=merge | device=cuda | janelas: train=26295 val=4284 test=5285
=== produto=merge backbone=lstm (~55k params) ===
  A: SO CHUVA AGREGADA (1 canal): @1h=0.044±0.076  (@1h=0.044 @24h=nan)
    PERSEED chuva @1h: 0=0.0397,1=-0.0981,2=0.0548,3=0.1148,4=0.1067
  C: SO FEATURE TEMPORAL, SEM CHUVA (2 canais): @1h=0.154±0.061  (@1h=0.154 @24h=nan)
    PERSEED tempo @1h: 0=0.2572,1=0.1061,2=0.0889,3=0.1812,4=0.1343
  B: CHUVA+HORA/MES (3 canais): @1h=0.576±0.089  (@1h=0.576 @24h=nan)
    PERSEED ambos @1h: 0=0.4409,1=0.5037,2=0.6169,3=0.6656,4=0.6550

##### PRODUTO=imerg | device=cuda | janelas: train=27292 val=5998 test=6323
=== produto=imerg backbone=lstm (~55k params) ===
  A: SO CHUVA AGREGADA (1 canal): @1h=-0.359±0.091  (@1h=-0.359 @24h=nan)
    PERSEED chuva @1h: 0=-0.2928,1=-0.2426,2=-0.4906,3=-0.4332,4=-0.3373
  C: SO FEATURE TEMPORAL, SEM CHUVA (2 canais): @1h=0.054±0.191  (@1h=0.054 @24h=nan)
    PERSEED tempo @1h: 0=0.2088,1=0.0862,2=0.1557,3=-0.3191,4=0.1382
  B: CHUVA+HORA/MES (3 canais): @1h=0.272±0.084  (@1h=0.272 @24h=nan)
    PERSEED ambos @1h: 0=0.3788,1=0.1758,2=0.3119,3=0.3208,4=0.1702

##### PRODUTO=mswep | device=cuda | janelas: train=27292 val=5998 test=6323
=== produto=mswep backbone=lstm (~55k params) ===
  A: SO CHUVA AGREGADA (1 canal): @1h=0.098±0.028  (@1h=0.098 @24h=nan)
    PERSEED chuva @1h: 0=0.1402,1=0.0722,2=0.1003,3=0.1132,4=0.0640
  C: SO FEATURE TEMPORAL, SEM CHUVA (2 canais): @1h=0.054±0.191  (@1h=0.054 @24h=nan)
    PERSEED tempo @1h: 0=0.2088,1=0.0862,2=0.1557,3=-0.3191,4=0.1382
  B: CHUVA+HORA/MES (3 canais): @1h=0.573±0.058  (@1h=0.573 @24h=nan)
    PERSEED ambos @1h: 0=0.6259,1=0.4903,2=0.5290,3=0.6469,4=0.5723

##### PRODUTO=era5land | device=cuda | janelas: train=27292 val=5998 test=6323
=== produto=era5land backbone=lstm (~55k params) ===
  A: SO CHUVA AGREGADA (1 canal): @1h=-0.371±0.049  (@1h=-0.371 @24h=nan)
    PERSEED chuva @1h: 0=-0.3701,1=-0.4488,2=-0.3838,3=-0.3594,4=-0.2948
  C: SO FEATURE TEMPORAL, SEM CHUVA (2 canais): @1h=0.054±0.191  (@1h=0.054 @24h=nan)
    PERSEED tempo @1h: 0=0.2088,1=0.0862,2=0.1557,3=-0.3191,4=0.1382
  B: CHUVA+HORA/MES (3 canais): @1h=0.430±0.162  (@1h=0.430 @24h=nan)
    PERSEED ambos @1h: 0=0.6142,1=0.5275,2=0.3520,3=0.5022,4=0.1527

========================================================================
RESUMO NSE@1h (média±σ, 5 seeds) — A/B/C por produto x arquitetura
========================================================================
produto    backbone         A:só chuva     C:só tempo   B:chuva+tempo
telem      lstm           -0.016±0.076    0.054±0.191     0.677±0.022
merge      lstm            0.044±0.076    0.154±0.061     0.576±0.089
imerg      lstm           -0.359±0.091    0.054±0.191     0.272±0.084
mswep      lstm            0.098±0.028    0.054±0.191     0.573±0.058
era5land   lstm           -0.371±0.049    0.054±0.191     0.430±0.162
